// Jest Snapshot v1, https://goo.gl/fbAQLP

exports[`<Home /> snapshots should match default snapshot: default 1`] = `ShallowWrapper {}`;
